// Jest Snapshot v1, https://goo.gl/fbAQLP

exports[`<CheckboxFilter/> renders correctly with facet 1`] = `
<div>
  <div
    class="flex flex-wrap mb-5"
  >
    <div
      class="w-12/12 -mb-5"
    >
      <div
        class="relative pb-px"
      >
        <div
          class="validation-inputContainer mb-20"
        >
          <label
            class="block w-12/12 cursor-pointer focus-within:text-teal"
            for="filter_testFilter_1"
          >
            <div
              class="flex leading-sm font-normal items-center justify-between flex-row-reverse"
            >
              <span
                class="flex items-center ml-5"
              >
                <input
                  class=""
                  data-valid="true"
                  id="filter_testFilter_1"
                  name="filter_testFilter_1"
                  type="checkbox"
                  value=""
                />
              </span>
              <span
                class="w-12/12"
              >
                <span
                  class="text-base leading-xs flex items-center justify-between"
                >
                  One
                  <span
                    class="inline-block mr-5 text-grey-3 text-sm"
                  >
                    (
                    30
                    )
                  </span>
                </span>
              </span>
            </div>
          </label>
        </div>
        <div />
      </div>
    </div>
    <div
      class="w-12/12 -mb-5"
    >
      <div
        class="relative pb-px"
      >
        <div
          class="validation-inputContainer mb-20"
        >
          <label
            class="block w-12/12 cursor-pointer focus-within:text-teal"
            for="filter_testFilter_2"
          >
            <div
              class="flex leading-sm font-normal items-center justify-between flex-row-reverse"
            >
              <span
                class="flex items-center ml-5"
              >
                <input
                  class=""
                  data-valid="true"
                  id="filter_testFilter_2"
                  name="filter_testFilter_2"
                  type="checkbox"
                  value=""
                />
              </span>
              <span
                class="w-12/12"
              >
                <span
                  class="text-base leading-xs flex items-center justify-between"
                >
                  Two
                  <span
                    class="inline-block mr-5 text-grey-3 text-sm"
                  >
                    (
                    1â€™000
                    )
                  </span>
                </span>
              </span>
            </div>
          </label>
        </div>
        <div />
      </div>
    </div>
    <div
      class="w-12/12 -mb-5"
    >
      <div
        class="relative pb-px"
      >
        <div
          class="validation-inputContainer mb-20"
        >
          <label
            class="block w-12/12 cursor-not-allowed text-grey-4 focus-within:text-teal"
            for="filter_testFilter_3"
          >
            <div
              class="flex leading-sm font-normal items-center justify-between flex-row-reverse"
            >
              <span
                class="flex items-center ml-5"
              >
                <input
                  class=""
                  data-valid="true"
                  disabled=""
                  id="filter_testFilter_3"
                  name="filter_testFilter_3"
                  type="checkbox"
                  value=""
                />
              </span>
              <span
                class="w-12/12"
              >
                <span
                  class="text-base leading-xs flex items-center justify-between"
                >
                  Three
                  <span
                    class="inline-block mr-5 text-grey-3 text-sm"
                  >
                    (
                    0
                    )
                  </span>
                </span>
              </span>
            </div>
          </label>
        </div>
        <div />
      </div>
    </div>
  </div>
</div>
`;

exports[`<CheckboxFilter/> renders correctly with initial selection 1`] = `
<div>
  <div
    class="flex flex-wrap mb-5"
  >
    <div
      class="w-12/12 -mb-5"
    >
      <div
        class="relative pb-px"
      >
        <div
          class="validation-inputContainer mb-20"
        >
          <label
            class="block w-12/12 cursor-pointer focus-within:text-teal"
            for="filter_testFilter_1"
          >
            <div
              class="flex leading-sm font-normal items-center justify-between flex-row-reverse"
            >
              <span
                class="flex items-center ml-5"
              >
                <input
                  checked=""
                  class=""
                  data-valid="true"
                  id="filter_testFilter_1"
                  name="filter_testFilter_1"
                  type="checkbox"
                  value=""
                />
              </span>
              <span
                class="w-12/12"
              >
                <span
                  class="text-base leading-xs flex items-center justify-between"
                >
                  One
                </span>
              </span>
            </div>
          </label>
        </div>
        <div />
      </div>
    </div>
    <div
      class="w-12/12 -mb-5"
    >
      <div
        class="relative pb-px"
      >
        <div
          class="validation-inputContainer mb-20"
        >
          <label
            class="block w-12/12 cursor-pointer focus-within:text-teal"
            for="filter_testFilter_2"
          >
            <div
              class="flex leading-sm font-normal items-center justify-between flex-row-reverse"
            >
              <span
                class="flex items-center ml-5"
              >
                <input
                  checked=""
                  class=""
                  data-valid="true"
                  id="filter_testFilter_2"
                  name="filter_testFilter_2"
                  type="checkbox"
                  value=""
                />
              </span>
              <span
                class="w-12/12"
              >
                <span
                  class="text-base leading-xs flex items-center justify-between"
                >
                  Two
                </span>
              </span>
            </div>
          </label>
        </div>
        <div />
      </div>
    </div>
    <div
      class="w-12/12 -mb-5"
    >
      <div
        class="relative pb-px"
      >
        <div
          class="validation-inputContainer mb-20"
        >
          <label
            class="block w-12/12 cursor-pointer focus-within:text-teal"
            for="filter_testFilter_3"
          >
            <div
              class="flex leading-sm font-normal items-center justify-between flex-row-reverse"
            >
              <span
                class="flex items-center ml-5"
              >
                <input
                  class=""
                  data-valid="true"
                  id="filter_testFilter_3"
                  name="filter_testFilter_3"
                  type="checkbox"
                  value=""
                />
              </span>
              <span
                class="w-12/12"
              >
                <span
                  class="text-base leading-xs flex items-center justify-between"
                >
                  Three
                </span>
              </span>
            </div>
          </label>
        </div>
        <div />
      </div>
    </div>
  </div>
</div>
`;

exports[`<CheckboxFilter/> renders correctly with no options 1`] = `
<div>
  <div
    class="flex flex-wrap mb-5"
  />
</div>
`;

exports[`<CheckboxFilter/> renders correctly with simple options 1`] = `
<div>
  <div
    class="flex flex-wrap mb-5"
  >
    <div
      class="w-12/12 -mb-5"
    >
      <div
        class="relative pb-px"
      >
        <div
          class="validation-inputContainer mb-20"
        >
          <label
            class="block w-12/12 cursor-pointer focus-within:text-teal"
            for="filter_testFilter_1"
          >
            <div
              class="flex leading-sm font-normal items-center justify-between flex-row-reverse"
            >
              <span
                class="flex items-center ml-5"
              >
                <input
                  class=""
                  data-valid="true"
                  id="filter_testFilter_1"
                  name="filter_testFilter_1"
                  type="checkbox"
                  value=""
                />
              </span>
              <span
                class="w-12/12"
              >
                <span
                  class="text-base leading-xs flex items-center justify-between"
                >
                  One
                </span>
              </span>
            </div>
          </label>
        </div>
        <div />
      </div>
    </div>
    <div
      class="w-12/12 -mb-5"
    >
      <div
        class="relative pb-px"
      >
        <div
          class="validation-inputContainer mb-20"
        >
          <label
            class="block w-12/12 cursor-pointer focus-within:text-teal"
            for="filter_testFilter_2"
          >
            <div
              class="flex leading-sm font-normal items-center justify-between flex-row-reverse"
            >
              <span
                class="flex items-center ml-5"
              >
                <input
                  class=""
                  data-valid="true"
                  id="filter_testFilter_2"
                  name="filter_testFilter_2"
                  type="checkbox"
                  value=""
                />
              </span>
              <span
                class="w-12/12"
              >
                <span
                  class="text-base leading-xs flex items-center justify-between"
                >
                  Two
                </span>
              </span>
            </div>
          </label>
        </div>
        <div />
      </div>
    </div>
    <div
      class="w-12/12 -mb-5"
    >
      <div
        class="relative pb-px"
      >
        <div
          class="validation-inputContainer mb-20"
        >
          <label
            class="block w-12/12 cursor-pointer focus-within:text-teal"
            for="filter_testFilter_3"
          >
            <div
              class="flex leading-sm font-normal items-center justify-between flex-row-reverse"
            >
              <span
                class="flex items-center ml-5"
              >
                <input
                  class=""
                  data-valid="true"
                  id="filter_testFilter_3"
                  name="filter_testFilter_3"
                  type="checkbox"
                  value=""
                />
              </span>
              <span
                class="w-12/12"
              >
                <span
                  class="text-base leading-xs flex items-center justify-between"
                >
                  Three
                </span>
              </span>
            </div>
          </label>
        </div>
        <div />
      </div>
    </div>
  </div>
</div>
`;
