// Jest Snapshot v1, https://goo.gl/fbAQLP

exports[`tailwind defaultConfig is accessible 1`] = `
Object {
  "corePlugins": Object {
    "backgroundOpacity": false,
    "borderOpacity": false,
    "placeholderOpacity": false,
  },
  "plugins": Array [
    [Function],
    [Function],
  ],
  "theme": Object {
    "backgroundColor": Object {
      "black": "#000000",
      "facebook": "#4267B2",
      "fair-deal": "#EAA403",
      "good-deal": "#81B040",
      "great-deal": "#149246",
      "green-light": "#74CC74",
      "green-opaque": "#E3F4E3",
      "grey-1": "#EBEFF1",
      "grey-2": "#D7DBDF",
      "grey-3": "#A1A7AF",
      "grey-4": "#6F7681",
      "grey-bright": "#F9F9FB",
      "grey-dark": "#232A36",
      "grey-dark-opaque": "#A7AAAF",
      "high-deal": "#E34A15",
      "not-defined": "#A0A7AB",
      "salmon": "#F73B47",
      "salmon-dark": "#ED202D",
      "salmon-light": "#FDE8EA",
      "teal": "#3696B9",
      "teal-bright": "#AFD5E3",
      "teal-dark": "#227D9E",
      "teal-darker": "#1A6072",
      "teal-light": "#D7EAF1",
      "teal-opaque": "#5EABC7",
      "transparent": "transparent",
      "twitter": "#1EA0F2",
      "whatsapp": "#0DC143",
      "white": "#FFFFFF",
      "yellow": "#FCB001",
      "yellow-light": "#FEEFCC",
    },
    "backgroundPosition": Object {
      "bottom": "bottom",
      "center": "center",
      "left": "left",
      "left-bottom": "left bottom",
      "left-top": "left top",
      "right": "right",
      "right-bottom": "right bottom",
      "right-top": "right top",
      "top": "top",
    },
    "backgroundSize": Object {
      "auto": "auto",
      "contain": "contain",
      "cover": "cover",
    },
    "borderColor": Object {
      "black": "#000000",
      "default": undefined,
      "facebook": "#4267B2",
      "fair-deal": "#EAA403",
      "good-deal": "#81B040",
      "great-deal": "#149246",
      "green-light": "#74CC74",
      "green-opaque": "#E3F4E3",
      "grey-1": "#EBEFF1",
      "grey-2": "#D7DBDF",
      "grey-3": "#A1A7AF",
      "grey-4": "#6F7681",
      "grey-bright": "#F9F9FB",
      "grey-dark": "#232A36",
      "grey-dark-opaque": "#A7AAAF",
      "high-deal": "#E34A15",
      "not-defined": "#A0A7AB",
      "salmon": "#F73B47",
      "salmon-dark": "#ED202D",
      "salmon-light": "#FDE8EA",
      "teal": "#3696B9",
      "teal-bright": "#AFD5E3",
      "teal-dark": "#227D9E",
      "teal-darker": "#1A6072",
      "teal-light": "#D7EAF1",
      "teal-opaque": "#5EABC7",
      "transparent": "transparent",
      "twitter": "#1EA0F2",
      "whatsapp": "#0DC143",
      "white": "#FFFFFF",
      "yellow": "#FCB001",
      "yellow-light": "#FEEFCC",
    },
    "borderRadius": Object {
      "10": "10px",
      "2": "2px",
      "20": "20px",
      "4": "4px",
      "default": "4px",
      "full": "9999px",
      "half": "50%",
      "none": "0",
      "pill": "8px",
    },
    "borderWidth": Object {
      "0": "0",
      "2": "2px",
      "5": "5px",
      "default": "1px",
    },
    "boxShadow": Object {
      "default": "0 2px 4px 0 rgba(0,0,0,0.10)",
      "focus": "0px 0px 1px 2px rgba(54, 150, 185, 0.6)",
      "hard": "0 4px 18px 0 rgba(35,42,54,0.4)",
      "harder": "0 0 18px 0 rgba(35,42,54,0.8)",
      "none": "none",
      "small": "0 2px 6px 0 rgba(35,42,54,0.1)",
      "soft": "0 4px 18px 0 rgba(35,42,54,0.1)",
    },
    "colors": Object {
      "black": "#000000",
      "facebook": "#4267B2",
      "fair-deal": "#EAA403",
      "good-deal": "#81B040",
      "great-deal": "#149246",
      "green-light": "#74CC74",
      "green-opaque": "#E3F4E3",
      "grey-1": "#EBEFF1",
      "grey-2": "#D7DBDF",
      "grey-3": "#A1A7AF",
      "grey-4": "#6F7681",
      "grey-bright": "#F9F9FB",
      "grey-dark": "#232A36",
      "grey-dark-opaque": "#A7AAAF",
      "high-deal": "#E34A15",
      "not-defined": "#A0A7AB",
      "salmon": "#F73B47",
      "salmon-dark": "#ED202D",
      "salmon-light": "#FDE8EA",
      "teal": "#3696B9",
      "teal-bright": "#AFD5E3",
      "teal-dark": "#227D9E",
      "teal-darker": "#1A6072",
      "teal-light": "#D7EAF1",
      "teal-opaque": "#5EABC7",
      "transparent": "transparent",
      "twitter": "#1EA0F2",
      "whatsapp": "#0DC143",
      "white": "#FFFFFF",
      "yellow": "#FCB001",
      "yellow-light": "#FEEFCC",
    },
    "customRotate": Object {
      "180": "180deg",
      "270": "270deg",
      "360": "360deg",
      "90": "90deg",
    },
    "divideColor": [Function],
    "divideWidth": Object {
      "0": "0",
      "2": "2px",
      "5": "5px",
      "default": "1px",
    },
    "fontFamily": Object {
      "sans": Array [
        "Muli, Century Gothic, Lucida Grande, Sans-Serif",
      ],
    },
    "fontSize": Object {
      "0": "0px",
      "2xl": "32px",
      "3xl": "48px",
      "4xl": "72px",
      "base": "16px",
      "lg": "21px",
      "sm": "14px",
      "xl": "24px",
      "xs": "12px",
    },
    "fontWeight": Object {
      "bold": 700,
      "regular": 400,
    },
    "height": Object {
      "20": "20px",
      "40": "40px",
      "auto": "auto",
      "checkbox": "24px",
      "clearButton": "32px",
      "full": "100%",
      "header": "85px",
      "headerSmall": "60px",
      "headerTransparent": "166px",
      "input": "52px",
      "radioIndicator": "12px",
      "screen": "100vh",
      "scrollbar": "70px",
    },
    "inset": Object {
      "-10": "-10px",
      "-floatingLabel": "-13px",
      "0": 0,
      "auto": "auto",
      "floatingLabel": "13px",
      "full": "100%",
      "half": "50%",
      "modalClose": "10px",
      "radioIndicator": "5px",
      "requiredIndicator": "5px",
      "tooltip": "110%",
      "validationError": "5px",
    },
    "letterSpacing": Object {
      "normal": "0",
      "wide": "1px",
    },
    "lineHeight": Object {
      "label": "24px",
      "lg": 2.5,
      "md": 2,
      "none": 1,
      "sm": 1.5,
      "xl": 3,
      "xs": 1.25,
      "xxs": 0.9,
    },
    "linearGradients": Object {
      "colors": Object {
        "black": Array [
          "rgba(0, 0, 0, 0), rgba(0, 0, 0, 0.5)",
        ],
        "fade": Array [
          "rgba(255,255,255,0) 90%",
          "rgba(255,255,255,1) 100%",
        ],
        "grey": Array [
          "#F9F9FB",
          "#FFFFFF 20%",
        ],
      },
      "directions": Object {
        "to-bottom": "to bottom",
        "to-left": "to left",
        "to-right": "to right",
        "to-top": "to top",
      },
    },
    "margin": Object {
      "-1": "-1px",
      "-headerMenu": "-14px",
      "-headerMenuMore": "-28px",
      "-selectMenu": "-21px",
      "-selectWithHintMenu": "-43px",
      "0": "0",
      "10": "10px",
      "15": "15px",
      "20": "20px",
      "22": "22px",
      "25": "25px",
      "30": "30px",
      "40": "40px",
      "5": "5px",
      "auto": "auto",
      "headerMenu": "14px",
      "labelPopupIcon": "3px",
      "px": "1px",
    },
    "maxHeight": Object {
      "dropdown": "240px",
      "dropdownSM": "190px",
      "full": "100%",
    },
    "maxWidth": Object {
      "container": "1200px",
      "full": "100%",
    },
    "minHeight": Object {
      "0": "0",
      "36": "36px",
      "52": "52px",
      "auto": "auto",
      "full": "100%",
      "screen": "100vh",
    },
    "minWidth": Object {
      "0": "0",
      "auto": "auto",
      "full": "100%",
      "screen": "100vw",
    },
    "opacity": Object {
      "0": "0",
      "10": ".1",
      "100": "1",
      "20": ".2",
      "40": ".4",
      "60": ".6",
      "80": ".8",
    },
    "padding": Object {
      "0": "0",
      "10": "10px",
      "13": "13px",
      "14": "14px",
      "15": "15px",
      "16": "16px",
      "2": "2px",
      "20": "20px",
      "25": "25px",
      "30": "30px",
      "40": "40px",
      "5": "5px",
      "8": "8px",
      "auto": "auto",
      "floatingLabelInputFocused": "12px",
      "px": "1px",
    },
    "screens": Object {
      "lg": "1024px",
      "md": "768px",
      "sm": "576px",
      "xl": "1280px",
      "xs": "480px",
      "xxs": "375px",
    },
    "spacing": Object {
      "0": "0px",
      "10": "10px",
      "20": "20px",
      "30": "30px",
      "40": "40px",
      "5": "5px",
    },
    "textColor": Object {
      "black": "#000000",
      "facebook": "#4267B2",
      "fair-deal": "#EAA403",
      "good-deal": "#81B040",
      "great-deal": "#149246",
      "green-light": "#74CC74",
      "green-opaque": "#E3F4E3",
      "grey-1": "#EBEFF1",
      "grey-2": "#D7DBDF",
      "grey-3": "#A1A7AF",
      "grey-4": "#6F7681",
      "grey-bright": "#F9F9FB",
      "grey-dark": "#232A36",
      "grey-dark-opaque": "#A7AAAF",
      "high-deal": "#E34A15",
      "not-defined": "#A0A7AB",
      "salmon": "#F73B47",
      "salmon-dark": "#ED202D",
      "salmon-light": "#FDE8EA",
      "teal": "#3696B9",
      "teal-bright": "#AFD5E3",
      "teal-dark": "#227D9E",
      "teal-darker": "#1A6072",
      "teal-light": "#D7EAF1",
      "teal-opaque": "#5EABC7",
      "transparent": "transparent",
      "twitter": "#1EA0F2",
      "whatsapp": "#0DC143",
      "white": "#FFFFFF",
      "yellow": "#FCB001",
      "yellow-light": "#FEEFCC",
    },
    "transitionDuration": Object {
      "200": "200ms",
    },
    "width": Object {
      "0": "0",
      "1/12": "8.33333333%",
      "10/12": "83.33333%",
      "11/12": "91.66666667%",
      "12/12": "100%",
      "2/12": "16.66667%",
      "3/12": "25%",
      "4/12": "33.33333%",
      "5/12": "41.66666667%",
      "6/12": "50%",
      "7/12": "58.33333333%",
      "8/12": "66.66667%",
      "9/12": "75%",
      "auto": "auto",
      "checkbox": "24px",
      "clearButton": "32px",
      "logoDefault": "170px",
      "logoSmall": "140px",
      "modal": "570px",
      "modalLarge": "770px",
      "modalSmall": "370px",
      "profileDropdown": "320px",
      "radioIndicator": "12px",
      "screen": "100vw",
      "scrollbar": "14px",
    },
    "zIndex": Object {
      "1": 1,
      "auto": "auto",
      "card": 10,
      "clearButton": 10,
      "dropdownMenu": 20,
      "headerDropdown": 30,
      "modal": 98,
      "modalClose": 10,
      "negative": -1,
    },
  },
  "variants": Object {
    "alignContent": Array [
      "responsive",
    ],
    "alignItems": Array [
      "responsive",
    ],
    "alignSelf": Array [
      "responsive",
    ],
    "appearance": Array [
      "responsive",
    ],
    "backgroundAttachment": Array [
      "responsive",
    ],
    "backgroundColor": Array [
      "responsive",
      "hover",
      "focus",
      "active",
    ],
    "backgroundPosition": Array [
      "responsive",
    ],
    "backgroundRepeat": Array [
      "responsive",
    ],
    "backgroundSize": Array [
      "responsive",
    ],
    "borderCollapse": Array [
      "responsive",
    ],
    "borderColor": Array [
      "responsive",
      "hover",
      "focus",
      "focus-within",
    ],
    "borderRadius": Array [
      "responsive",
    ],
    "borderStyle": Array [
      "responsive",
    ],
    "borderWidth": Array [
      "responsive",
      "hover",
    ],
    "boxShadow": Array [
      "responsive",
      "hover",
      "focus",
    ],
    "cursor": Array [
      "responsive",
    ],
    "display": Array [
      "responsive",
    ],
    "divideColor": Array [
      "responsive",
    ],
    "divideWidth": Array [
      "responsive",
    ],
    "fill": Array [
      "responsive",
    ],
    "flex": Array [
      "responsive",
    ],
    "flexDirection": Array [
      "responsive",
    ],
    "flexGrow": Array [
      "responsive",
    ],
    "flexShrink": Array [
      "responsive",
    ],
    "flexWrap": Array [
      "responsive",
    ],
    "float": Array [
      "responsive",
    ],
    "fontFamily": Array [
      "responsive",
    ],
    "fontSize": Array [
      "responsive",
    ],
    "fontSmoothing": Array [
      "responsive",
    ],
    "fontStyle": Array [
      "responsive",
    ],
    "fontWeight": Array [
      "responsive",
      "hover",
      "focus",
    ],
    "gap": Array [
      "responsive",
    ],
    "height": Array [
      "responsive",
    ],
    "inset": Array [
      "responsive",
    ],
    "justifyContent": Array [
      "responsive",
    ],
    "letterSpacing": Array [
      "responsive",
    ],
    "lineHeight": Array [
      "responsive",
    ],
    "listStylePosition": Array [
      "responsive",
    ],
    "listStyleType": Array [
      "responsive",
    ],
    "margin": Array [
      "responsive",
    ],
    "maxHeight": Array [
      "responsive",
    ],
    "maxWidth": Array [
      "responsive",
    ],
    "minHeight": Array [
      "responsive",
    ],
    "minWidth": Array [
      "responsive",
    ],
    "objectFit": Array [
      "responsive",
    ],
    "objectPosition": Array [
      "responsive",
    ],
    "opacity": Array [
      "responsive",
      "hover",
    ],
    "order": Array [
      "responsive",
    ],
    "outline": Array [
      "responsive",
      "focus",
    ],
    "overflow": Array [
      "responsive",
    ],
    "padding": Array [
      "responsive",
    ],
    "pointerEvents": Array [
      "responsive",
    ],
    "position": Array [
      "responsive",
    ],
    "resize": Array [
      "responsive",
    ],
    "scale": Array [
      "responsive",
      "hover",
      "focus",
    ],
    "skew": Array [
      "responsive",
      "hover",
      "focus",
    ],
    "space": Array [
      "responsive",
    ],
    "stroke": Array [
      "responsive",
    ],
    "tableLayout": Array [
      "responsive",
    ],
    "textAlign": Array [
      "responsive",
    ],
    "textColor": Array [
      "responsive",
      "hover",
      "focus",
      "focus-within",
    ],
    "textDecoration": Array [
      "responsive",
      "hover",
      "focus",
    ],
    "textTransform": Array [
      "responsive",
    ],
    "transitionDuration": Array [
      "responsive",
      "hover",
    ],
    "transitionProperty": Array [
      "responsive",
      "hover",
    ],
    "transitionTimingFunction": Array [
      "responsive",
      "hover",
    ],
    "translate": Array [
      "responsive",
      "hover",
      "focus",
    ],
    "userSelect": Array [
      "responsive",
    ],
    "verticalAlign": Array [
      "responsive",
    ],
    "visibility": Array [
      "responsive",
    ],
    "whitespace": Array [
      "responsive",
    ],
    "width": Array [
      "responsive",
    ],
    "wordBreak": Array [
      "responsive",
    ],
    "zIndex": Array [
      "responsive",
      "hover",
      "focus",
    ],
  },
}
`;
